[181月2026 16:50:00.980] [main/INFO] [cpw.mods.modlauncher.Launcher/MODLAUNCHER]: ModLauncher running: args [--launchTarget, forgedatauserdev, --assetIndex, 5, --assetsDir, C:\Users\stard_i5grhqf\.gradle\caches\forge_gradle\assets, --gameDir, ., --fml.forgeVersion, 47.4.0, --fml.mcVersion, 1.20.1, --fml.forgeGroup, net.minecraftforge, --fml.mcpVersion, 20230612.114412, --mod, qliphoth_armaments, --all, --output, C:\Users\stard_i5grhqf\Documents\GitHub\Qliphoth_Armaments\src\generated\resources, --existing, C:\Users\stard_i5grhqf\Documents\GitHub\Qliphoth_Armaments\src\main\resources, --mixin.config, qliphoth_armaments.mixins.json]
[181月2026 16:50:00.986] [main/INFO] [cpw.mods.modlauncher.Launcher/MODLAUNCHER]: ModLauncher 10.0.9+10.0.9+main.dcd20f30 starting: java version 17.0.17 by Microsoft; OS Windows 11 arch amd64 version 10.0
[181月2026 16:50:01.106] [main/INFO] [net.minecraftforge.fml.loading.ImmediateWindowHandler/]: ImmediateWindowProvider not loading because launch target is forgedatauserdev
[181月2026 16:50:01.146] [main/INFO] [mixin/]: SpongePowered MIXIN Subsystem Version=0.8.5 Source=union:/C:/Users/stard_i5grhqf/.gradle/caches/modules-2/files-2.1/org.spongepowered/mixin/0.8.5/9d1c0c3a304ae6697ecd477218fa61b850bf57fc/mixin-0.8.5.jar%23128!/ Service=ModLauncher Env=CLIENT
[181月2026 16:50:01.400] [main/WARN] [net.minecraftforge.fml.loading.moddiscovery.ModFileParser/LOADING]: Mod file C:\Users\stard_i5grhqf\.gradle\caches\modules-2\files-2.1\net.minecraftforge\javafmllanguage\1.20.1-47.4.0\f0c0b352173d0a378cbdcec9cfc4ba65899a721\javafmllanguage-1.20.1-47.4.0.jar is missing mods.toml file
[181月2026 16:50:01.408] [main/WARN] [net.minecraftforge.fml.loading.moddiscovery.ModFileParser/LOADING]: Mod file C:\Users\stard_i5grhqf\.gradle\caches\modules-2\files-2.1\net.minecraftforge\lowcodelanguage\1.20.1-47.4.0\e862740d8c84d08dbfedea412bef88fe42e727c5\lowcodelanguage-1.20.1-47.4.0.jar is missing mods.toml file
[181月2026 16:50:01.408] [main/WARN] [net.minecraftforge.fml.loading.moddiscovery.ModFileParser/LOADING]: Mod file C:\Users\stard_i5grhqf\.gradle\caches\modules-2\files-2.1\net.minecraftforge\mclanguage\1.20.1-47.4.0\5719b3a297a33f877ed5dde4cb4bd75c859096af\mclanguage-1.20.1-47.4.0.jar is missing mods.toml file
[181月2026 16:50:01.416] [main/WARN] [net.minecraftforge.fml.loading.moddiscovery.ModFileParser/LOADING]: Mod file C:\Users\stard_i5grhqf\.gradle\caches\modules-2\files-2.1\net.minecraftforge\fmlcore\1.20.1-47.4.0\235975dafa4309945b59c56b53f31dc5b65a6051\fmlcore-1.20.1-47.4.0.jar is missing mods.toml file
[181月2026 16:50:01.773] [main/INFO] [net.minecraftforge.fml.loading.moddiscovery.JarInJarDependencyLocator/]: Found 2 dependencies adding them to mods collection
[181月2026 16:50:03.334] [main/INFO] [mixin/]: Compatibility level set to JAVA_17
[181月2026 16:50:03.334] [main/ERROR] [mixin/]: Mixin config qliphoth_armaments.mixins.json does not specify "minVersion" property
[181月2026 16:50:03.376] [main/INFO] [cpw.mods.modlauncher.LaunchServiceHandler/MODLAUNCHER]: Launching target 'forgedatauserdev' with arguments [--gameDir, ., --assetsDir, C:\Users\stard_i5grhqf\.gradle\caches\forge_gradle\assets, --assetIndex, 5, --mod, qliphoth_armaments, --all, --output, C:\Users\stard_i5grhqf\Documents\GitHub\Qliphoth_Armaments\src\generated\resources, --existing, C:\Users\stard_i5grhqf\Documents\GitHub\Qliphoth_Armaments\src\main\resources]
[181月2026 16:50:03.732] [main/INFO] [mixin/]: Remapping refMap moonlight-common-refmap.json using C:\Users\stard_i5grhqf\Documents\GitHub\Qliphoth_Armaments\build\createSrgToMcp\output.srg
[181月2026 16:50:03.734] [main/INFO] [mixin/]: Remapping refMap moonlight-forge-refmap.json using C:\Users\stard_i5grhqf\Documents\GitHub\Qliphoth_Armaments\build\createSrgToMcp\output.srg
[181月2026 16:50:03.736] [main/INFO] [mixin/]: Remapping refMap jade.refmap.json using C:\Users\stard_i5grhqf\Documents\GitHub\Qliphoth_Armaments\build\createSrgToMcp\output.srg
[181月2026 16:50:03.736] [main/INFO] [mixin/]: Remapping refMap shouldersurfing.refmap.json using C:\Users\stard_i5grhqf\Documents\GitHub\Qliphoth_Armaments\build\createSrgToMcp\output.srg
[181月2026 16:50:03.739] [main/INFO] [mixin/]: Remapping refMap shouldersurfing.refmap.json using C:\Users\stard_i5grhqf\Documents\GitHub\Qliphoth_Armaments\build\createSrgToMcp\output.srg
[181月2026 16:50:03.741] [main/INFO] [mixin/]: Remapping refMap shouldersurfing.refmap.json using C:\Users\stard_i5grhqf\Documents\GitHub\Qliphoth_Armaments\build\createSrgToMcp\output.srg
[181月2026 16:50:03.750] [main/INFO] [mixin/]: Remapping refMap shouldersurfing.refmap.json using C:\Users\stard_i5grhqf\Documents\GitHub\Qliphoth_Armaments\build\createSrgToMcp\output.srg
[181月2026 16:50:03.752] [main/INFO] [mixin/]: Remapping refMap fdlib.refmap.json using C:\Users\stard_i5grhqf\Documents\GitHub\Qliphoth_Armaments\build\createSrgToMcp\output.srg
[181月2026 16:50:03.766] [main/INFO] [mixin/]: Remapping refMap player-animation-lib-minecraft_common-refmap.json using C:\Users\stard_i5grhqf\Documents\GitHub\Qliphoth_Armaments\build\createSrgToMcp\output.srg
[181月2026 16:50:03.768] [main/INFO] [mixin/]: Remapping refMap fdbosses.refmap.json using C:\Users\stard_i5grhqf\Documents\GitHub\Qliphoth_Armaments\build\createSrgToMcp\output.srg
[181月2026 16:50:03.768] [main/INFO] [mixin/]: Remapping refMap lionfishapi.refmap.json using C:\Users\stard_i5grhqf\Documents\GitHub\Qliphoth_Armaments\build\createSrgToMcp\output.srg
[181月2026 16:50:03.774] [main/INFO] [mixin/]: Remapping refMap bettercombat-common-common-refmap.json using C:\Users\stard_i5grhqf\Documents\GitHub\Qliphoth_Armaments\build\createSrgToMcp\output.srg
[181月2026 16:50:03.776] [main/INFO] [mixin/]: Remapping refMap dummmmmmy-common-refmap.json using C:\Users\stard_i5grhqf\Documents\GitHub\Qliphoth_Armaments\build\createSrgToMcp\output.srg
[181月2026 16:50:03.778] [main/INFO] [mixin/]: Remapping refMap curios.refmap.json using C:\Users\stard_i5grhqf\Documents\GitHub\Qliphoth_Armaments\build\createSrgToMcp\output.srg
[181月2026 16:50:03.781] [main/INFO] [mixin/]: Remapping refMap cataclysm.refmap.json using C:\Users\stard_i5grhqf\Documents\GitHub\Qliphoth_Armaments\build\createSrgToMcp\output.srg
[181月2026 16:50:04.716] [main/INFO] [MixinExtras|Service/]: Initializing MixinExtras via com.llamalad7.mixinextras.service.MixinExtrasServiceImpl(version=0.5.0).
[181月2026 16:50:04.773] [main/INFO] [net.minecraftforge.data.loading.DatagenModLoader/]: Initializing Data Gatherer for mods [qliphoth_armaments]
